   1              		.cpu arm7tdmi
   2              		.fpu softvfp
   3              		.eabi_attribute 20, 1
   4              		.eabi_attribute 21, 1
   5              		.eabi_attribute 23, 3
   6              		.eabi_attribute 24, 1
   7              		.eabi_attribute 25, 1
   8              		.eabi_attribute 26, 1
   9              		.eabi_attribute 30, 6
  10              		.eabi_attribute 18, 4
  11              		.file	"leds.c"
  21              	.Ltext0:
  22              		.file 1 "../leds.c"
 1718              		.align	2
 1719              	status:
 1720 0000 00000000 		.space	4
 1721              		.text
 1722              		.align	2
 1723              		.global	leds_init
 1725              	leds_init:
 1726              	.LFB0:
   1:../leds.c     **** /*-------------------------------------------------------------------
   2:../leds.c     **** **
   3:../leds.c     **** **  Fichero:
   4:../leds.c     **** 
   5:../leds.c     **** **    leds.c
   6:../leds.c     **** **
   7:../leds.c     **** **    Estructura de Computadores
   8:../leds.c     **** **    Dpto. de Arquitectura de Computadores y Automática
   9:../leds.c     **** **    Facultad de Informática. Universidad Complutense de Madrid
  10:../leds.c     **** **
  11:../leds.c     **** **  Propósito:
  12:../leds.c     **** **    Contiene las implementaciones de las funciones
  13:../leds.c     **** **    para el acceso a los leds de la placa de prototipado
  14:../leds.c     **** **
  15:../leds.c     **** **  Notas de diseño:
  16:../leds.c     **** **    Equivale al fichero homónimo usado en Fundamentos de Computadores
  17:../leds.c     **** **
  18:../leds.c     **** **-----------------------------------------------------------------*/
  19:../leds.c     **** 
  20:../leds.c     **** #include "44b.h"
  21:../leds.c     **** #include "leds.h"
  22:../leds.c     **** #include "gpio.h"
  23:../leds.c     **** 
  24:../leds.c     **** // Máscaras de bits
  25:../leds.c     **** #define LED1 0x01
  26:../leds.c     **** #define LED2 0x02
  27:../leds.c     **** #define BIT_LED1 9
  28:../leds.c     **** #define BIT_LED2 10
  29:../leds.c     **** 
  30:../leds.c     **** // status representa el estado de los leds
  31:../leds.c     **** // solo tienen sentido los dos bites menos
  32:../leds.c     **** // significativos, cada uno para un led
  33:../leds.c     **** // 1 encendido y 0 apagado
  34:../leds.c     **** static unsigned int status = 0;
  35:../leds.c     **** 
  36:../leds.c     **** void leds_init( void )
  37:../leds.c     **** {
 1727              		.loc 1 37 0
 1728              		.cfi_startproc
 1729              		@ Function supports interworking.
 1730              		@ args = 0, pretend = 0, frame = 0
 1731              		@ frame_needed = 1, uses_anonymous_args = 0
 1732 0000 0DC0A0E1 		mov	ip, sp
 1733              	.LCFI0:
 1734              		.cfi_def_cfa_register 12
 1735 0004 00D82DE9 		stmfd	sp!, {fp, ip, lr, pc}
 1736 0008 04B04CE2 		sub	fp, ip, #4
 1737              		.cfi_offset 14, -8
 1738              		.cfi_offset 13, -12
 1739              		.cfi_offset 11, -16
 1740              	.LCFI1:
 1741              		.cfi_def_cfa 11, 4
  38:../leds.c     **** 	//COMPLETAR usando el interfaz del puerto B definido en gpio.h
  39:../leds.c     **** 	//hay que configurar los pines 9 y 10 como pines de salida
  40:../leds.c     **** 
  41:../leds.c     **** 
  42:../leds.c     **** 	portB_conf(BIT_LED1,OUTPUT);
 1742              		.loc 1 42 0
 1743 000c 0900A0E3 		mov	r0, #9
 1744 0010 0110A0E3 		mov	r1, #1
 1745 0014 FEFFFFEB 		bl	portB_conf
  43:../leds.c     **** 	portB_conf(BIT_LED2,OUTPUT);
 1746              		.loc 1 43 0
 1747 0018 0A00A0E3 		mov	r0, #10
 1748 001c 0110A0E3 		mov	r1, #1
 1749 0020 FEFFFFEB 		bl	portB_conf
  44:../leds.c     **** 	leds_display(status);
 1750              		.loc 1 44 0
 1751 0024 14309FE5 		ldr	r3, .L2
 1752 0028 003093E5 		ldr	r3, [r3, #0]
 1753 002c 0300A0E1 		mov	r0, r3
 1754 0030 FEFFFFEB 		bl	leds_display
  45:../leds.c     **** }
 1755              		.loc 1 45 0
 1756 0034 0CD04BE2 		sub	sp, fp, #12
 1757 0038 00689DE8 		ldmfd	sp, {fp, sp, lr}
 1758 003c 1EFF2FE1 		bx	lr
 1759              	.L3:
 1760              		.align	2
 1761              	.L2:
 1762 0040 00000000 		.word	status
 1763              		.cfi_endproc
 1764              	.LFE0:
 1766              		.align	2
 1767              		.global	led1_on
 1769              	led1_on:
 1770              	.LFB1:
  46:../leds.c     **** 
  47:../leds.c     **** void led1_on( void )
  48:../leds.c     **** {
 1771              		.loc 1 48 0
 1772              		.cfi_startproc
 1773              		@ Function supports interworking.
 1774              		@ args = 0, pretend = 0, frame = 0
 1775              		@ frame_needed = 1, uses_anonymous_args = 0
 1776 0044 0DC0A0E1 		mov	ip, sp
 1777              	.LCFI2:
 1778              		.cfi_def_cfa_register 12
 1779 0048 00D82DE9 		stmfd	sp!, {fp, ip, lr, pc}
 1780 004c 04B04CE2 		sub	fp, ip, #4
 1781              		.cfi_offset 14, -8
 1782              		.cfi_offset 13, -12
 1783              		.cfi_offset 11, -16
 1784              	.LCFI3:
 1785              		.cfi_def_cfa 11, 4
  49:../leds.c     **** 	status |=  LED1;
 1786              		.loc 1 49 0
 1787 0050 28309FE5 		ldr	r3, .L5
 1788 0054 003093E5 		ldr	r3, [r3, #0]
 1789 0058 012083E3 		orr	r2, r3, #1
 1790 005c 1C309FE5 		ldr	r3, .L5
 1791 0060 002083E5 		str	r2, [r3, #0]
  50:../leds.c     **** 	leds_display( status );
 1792              		.loc 1 50 0
 1793 0064 14309FE5 		ldr	r3, .L5
 1794 0068 003093E5 		ldr	r3, [r3, #0]
 1795 006c 0300A0E1 		mov	r0, r3
 1796 0070 FEFFFFEB 		bl	leds_display
  51:../leds.c     **** }
 1797              		.loc 1 51 0
 1798 0074 0CD04BE2 		sub	sp, fp, #12
 1799 0078 00689DE8 		ldmfd	sp, {fp, sp, lr}
 1800 007c 1EFF2FE1 		bx	lr
 1801              	.L6:
 1802              		.align	2
 1803              	.L5:
 1804 0080 00000000 		.word	status
 1805              		.cfi_endproc
 1806              	.LFE1:
 1808              		.align	2
 1809              		.global	led1_off
 1811              	led1_off:
 1812              	.LFB2:
  52:../leds.c     **** 
  53:../leds.c     **** void led1_off( void )
  54:../leds.c     **** {
 1813              		.loc 1 54 0
 1814              		.cfi_startproc
 1815              		@ Function supports interworking.
 1816              		@ args = 0, pretend = 0, frame = 0
 1817              		@ frame_needed = 1, uses_anonymous_args = 0
 1818 0084 0DC0A0E1 		mov	ip, sp
 1819              	.LCFI4:
 1820              		.cfi_def_cfa_register 12
 1821 0088 00D82DE9 		stmfd	sp!, {fp, ip, lr, pc}
 1822 008c 04B04CE2 		sub	fp, ip, #4
 1823              		.cfi_offset 14, -8
 1824              		.cfi_offset 13, -12
 1825              		.cfi_offset 11, -16
 1826              	.LCFI5:
 1827              		.cfi_def_cfa 11, 4
  55:../leds.c     **** 	status &=  ~LED1;
 1828              		.loc 1 55 0
 1829 0090 28309FE5 		ldr	r3, .L8
 1830 0094 003093E5 		ldr	r3, [r3, #0]
 1831 0098 0120C3E3 		bic	r2, r3, #1
 1832 009c 1C309FE5 		ldr	r3, .L8
 1833 00a0 002083E5 		str	r2, [r3, #0]
  56:../leds.c     **** 	leds_display( status );
 1834              		.loc 1 56 0
 1835 00a4 14309FE5 		ldr	r3, .L8
 1836 00a8 003093E5 		ldr	r3, [r3, #0]
 1837 00ac 0300A0E1 		mov	r0, r3
 1838 00b0 FEFFFFEB 		bl	leds_display
  57:../leds.c     **** }
 1839              		.loc 1 57 0
 1840 00b4 0CD04BE2 		sub	sp, fp, #12
 1841 00b8 00689DE8 		ldmfd	sp, {fp, sp, lr}
 1842 00bc 1EFF2FE1 		bx	lr
 1843              	.L9:
 1844              		.align	2
 1845              	.L8:
 1846 00c0 00000000 		.word	status
 1847              		.cfi_endproc
 1848              	.LFE2:
 1850              		.align	2
 1851              		.global	led2_on
 1853              	led2_on:
 1854              	.LFB3:
  58:../leds.c     **** 
  59:../leds.c     **** void led2_on( void )
  60:../leds.c     **** {
 1855              		.loc 1 60 0
 1856              		.cfi_startproc
 1857              		@ Function supports interworking.
 1858              		@ args = 0, pretend = 0, frame = 0
 1859              		@ frame_needed = 1, uses_anonymous_args = 0
 1860 00c4 0DC0A0E1 		mov	ip, sp
 1861              	.LCFI6:
 1862              		.cfi_def_cfa_register 12
 1863 00c8 00D82DE9 		stmfd	sp!, {fp, ip, lr, pc}
 1864 00cc 04B04CE2 		sub	fp, ip, #4
 1865              		.cfi_offset 14, -8
 1866              		.cfi_offset 13, -12
 1867              		.cfi_offset 11, -16
 1868              	.LCFI7:
 1869              		.cfi_def_cfa 11, 4
  61:../leds.c     **** 	status |=  LED2;
 1870              		.loc 1 61 0
 1871 00d0 28309FE5 		ldr	r3, .L11
 1872 00d4 003093E5 		ldr	r3, [r3, #0]
 1873 00d8 022083E3 		orr	r2, r3, #2
 1874 00dc 1C309FE5 		ldr	r3, .L11
 1875 00e0 002083E5 		str	r2, [r3, #0]
  62:../leds.c     **** 	leds_display( status );
 1876              		.loc 1 62 0
 1877 00e4 14309FE5 		ldr	r3, .L11
 1878 00e8 003093E5 		ldr	r3, [r3, #0]
 1879 00ec 0300A0E1 		mov	r0, r3
 1880 00f0 FEFFFFEB 		bl	leds_display
  63:../leds.c     **** }
 1881              		.loc 1 63 0
 1882 00f4 0CD04BE2 		sub	sp, fp, #12
 1883 00f8 00689DE8 		ldmfd	sp, {fp, sp, lr}
 1884 00fc 1EFF2FE1 		bx	lr
 1885              	.L12:
 1886              		.align	2
 1887              	.L11:
 1888 0100 00000000 		.word	status
 1889              		.cfi_endproc
 1890              	.LFE3:
 1892              		.align	2
 1893              		.global	led2_off
 1895              	led2_off:
 1896              	.LFB4:
  64:../leds.c     **** 
  65:../leds.c     **** void led2_off( void )
  66:../leds.c     **** {
 1897              		.loc 1 66 0
 1898              		.cfi_startproc
 1899              		@ Function supports interworking.
 1900              		@ args = 0, pretend = 0, frame = 0
 1901              		@ frame_needed = 1, uses_anonymous_args = 0
 1902 0104 0DC0A0E1 		mov	ip, sp
 1903              	.LCFI8:
 1904              		.cfi_def_cfa_register 12
 1905 0108 00D82DE9 		stmfd	sp!, {fp, ip, lr, pc}
 1906 010c 04B04CE2 		sub	fp, ip, #4
 1907              		.cfi_offset 14, -8
 1908              		.cfi_offset 13, -12
 1909              		.cfi_offset 11, -16
 1910              	.LCFI9:
 1911              		.cfi_def_cfa 11, 4
  67:../leds.c     **** 	status &=  ~LED2;
 1912              		.loc 1 67 0
 1913 0110 28309FE5 		ldr	r3, .L14
 1914 0114 003093E5 		ldr	r3, [r3, #0]
 1915 0118 0220C3E3 		bic	r2, r3, #2
 1916 011c 1C309FE5 		ldr	r3, .L14
 1917 0120 002083E5 		str	r2, [r3, #0]
  68:../leds.c     **** 	leds_display( status );
 1918              		.loc 1 68 0
 1919 0124 14309FE5 		ldr	r3, .L14
 1920 0128 003093E5 		ldr	r3, [r3, #0]
 1921 012c 0300A0E1 		mov	r0, r3
 1922 0130 FEFFFFEB 		bl	leds_display
  69:../leds.c     **** }
 1923              		.loc 1 69 0
 1924 0134 0CD04BE2 		sub	sp, fp, #12
 1925 0138 00689DE8 		ldmfd	sp, {fp, sp, lr}
 1926 013c 1EFF2FE1 		bx	lr
 1927              	.L15:
 1928              		.align	2
 1929              	.L14:
 1930 0140 00000000 		.word	status
 1931              		.cfi_endproc
 1932              	.LFE4:
 1934              		.align	2
 1935              		.global	led1_switch
 1937              	led1_switch:
 1938              	.LFB5:
  70:../leds.c     **** 
  71:../leds.c     **** void led1_switch( void )
  72:../leds.c     **** {
 1939              		.loc 1 72 0
 1940              		.cfi_startproc
 1941              		@ Function supports interworking.
 1942              		@ args = 0, pretend = 0, frame = 0
 1943              		@ frame_needed = 1, uses_anonymous_args = 0
 1944 0144 0DC0A0E1 		mov	ip, sp
 1945              	.LCFI10:
 1946              		.cfi_def_cfa_register 12
 1947 0148 00D82DE9 		stmfd	sp!, {fp, ip, lr, pc}
 1948 014c 04B04CE2 		sub	fp, ip, #4
 1949              		.cfi_offset 14, -8
 1950              		.cfi_offset 13, -12
 1951              		.cfi_offset 11, -16
 1952              	.LCFI11:
 1953              		.cfi_def_cfa 11, 4
  73:../leds.c     **** 	status ^= LED1;
 1954              		.loc 1 73 0
 1955 0150 28309FE5 		ldr	r3, .L17
 1956 0154 003093E5 		ldr	r3, [r3, #0]
 1957 0158 012023E2 		eor	r2, r3, #1
 1958 015c 1C309FE5 		ldr	r3, .L17
 1959 0160 002083E5 		str	r2, [r3, #0]
  74:../leds.c     **** 	leds_display( status );
 1960              		.loc 1 74 0
 1961 0164 14309FE5 		ldr	r3, .L17
 1962 0168 003093E5 		ldr	r3, [r3, #0]
 1963 016c 0300A0E1 		mov	r0, r3
 1964 0170 FEFFFFEB 		bl	leds_display
  75:../leds.c     **** }
 1965              		.loc 1 75 0
 1966 0174 0CD04BE2 		sub	sp, fp, #12
 1967 0178 00689DE8 		ldmfd	sp, {fp, sp, lr}
 1968 017c 1EFF2FE1 		bx	lr
 1969              	.L18:
 1970              		.align	2
 1971              	.L17:
 1972 0180 00000000 		.word	status
 1973              		.cfi_endproc
 1974              	.LFE5:
 1976              		.align	2
 1977              		.global	led2_switch
 1979              	led2_switch:
 1980              	.LFB6:
  76:../leds.c     **** 
  77:../leds.c     **** void led2_switch( void )
  78:../leds.c     **** {
 1981              		.loc 1 78 0
 1982              		.cfi_startproc
 1983              		@ Function supports interworking.
 1984              		@ args = 0, pretend = 0, frame = 0
 1985              		@ frame_needed = 1, uses_anonymous_args = 0
 1986 0184 0DC0A0E1 		mov	ip, sp
 1987              	.LCFI12:
 1988              		.cfi_def_cfa_register 12
 1989 0188 00D82DE9 		stmfd	sp!, {fp, ip, lr, pc}
 1990 018c 04B04CE2 		sub	fp, ip, #4
 1991              		.cfi_offset 14, -8
 1992              		.cfi_offset 13, -12
 1993              		.cfi_offset 11, -16
 1994              	.LCFI13:
 1995              		.cfi_def_cfa 11, 4
  79:../leds.c     **** 	status ^= LED2;
 1996              		.loc 1 79 0
 1997 0190 28309FE5 		ldr	r3, .L20
 1998 0194 003093E5 		ldr	r3, [r3, #0]
 1999 0198 022023E2 		eor	r2, r3, #2
 2000 019c 1C309FE5 		ldr	r3, .L20
 2001 01a0 002083E5 		str	r2, [r3, #0]
  80:../leds.c     **** 	leds_display( status );
 2002              		.loc 1 80 0
 2003 01a4 14309FE5 		ldr	r3, .L20
 2004 01a8 003093E5 		ldr	r3, [r3, #0]
 2005 01ac 0300A0E1 		mov	r0, r3
 2006 01b0 FEFFFFEB 		bl	leds_display
  81:../leds.c     **** }
 2007              		.loc 1 81 0
 2008 01b4 0CD04BE2 		sub	sp, fp, #12
 2009 01b8 00689DE8 		ldmfd	sp, {fp, sp, lr}
 2010 01bc 1EFF2FE1 		bx	lr
 2011              	.L21:
 2012              		.align	2
 2013              	.L20:
 2014 01c0 00000000 		.word	status
 2015              		.cfi_endproc
 2016              	.LFE6:
 2018              		.align	2
 2019              		.global	leds_switch
 2021              	leds_switch:
 2022              	.LFB7:
  82:../leds.c     **** 
  83:../leds.c     **** void leds_switch( void ){
 2023              		.loc 1 83 0
 2024              		.cfi_startproc
 2025              		@ Function supports interworking.
 2026              		@ args = 0, pretend = 0, frame = 0
 2027              		@ frame_needed = 1, uses_anonymous_args = 0
 2028 01c4 0DC0A0E1 		mov	ip, sp
 2029              	.LCFI14:
 2030              		.cfi_def_cfa_register 12
 2031 01c8 00D82DE9 		stmfd	sp!, {fp, ip, lr, pc}
 2032 01cc 04B04CE2 		sub	fp, ip, #4
 2033              		.cfi_offset 14, -8
 2034              		.cfi_offset 13, -12
 2035              		.cfi_offset 11, -16
 2036              	.LCFI15:
 2037              		.cfi_def_cfa 11, 4
  84:../leds.c     **** 	status ^= (LED1 | LED2);
 2038              		.loc 1 84 0
 2039 01d0 28309FE5 		ldr	r3, .L23
 2040 01d4 003093E5 		ldr	r3, [r3, #0]
 2041 01d8 032023E2 		eor	r2, r3, #3
 2042 01dc 1C309FE5 		ldr	r3, .L23
 2043 01e0 002083E5 		str	r2, [r3, #0]
  85:../leds.c     **** 	leds_display( status );
 2044              		.loc 1 85 0
 2045 01e4 14309FE5 		ldr	r3, .L23
 2046 01e8 003093E5 		ldr	r3, [r3, #0]
 2047 01ec 0300A0E1 		mov	r0, r3
 2048 01f0 FEFFFFEB 		bl	leds_display
  86:../leds.c     **** }
 2049              		.loc 1 86 0
 2050 01f4 0CD04BE2 		sub	sp, fp, #12
 2051 01f8 00689DE8 		ldmfd	sp, {fp, sp, lr}
 2052 01fc 1EFF2FE1 		bx	lr
 2053              	.L24:
 2054              		.align	2
 2055              	.L23:
 2056 0200 00000000 		.word	status
 2057              		.cfi_endproc
 2058              	.LFE7:
 2060              		.align	2
 2061              		.global	leds_display
 2063              	leds_display:
 2064              	.LFB8:
  87:../leds.c     **** 
  88:../leds.c     **** void leds_display( unsigned int leds_status )
  89:../leds.c     **** {
 2065              		.loc 1 89 0
 2066              		.cfi_startproc
 2067              		@ Function supports interworking.
 2068              		@ args = 0, pretend = 0, frame = 8
 2069              		@ frame_needed = 1, uses_anonymous_args = 0
 2070 0204 0DC0A0E1 		mov	ip, sp
 2071              	.LCFI16:
 2072              		.cfi_def_cfa_register 12
 2073 0208 00D82DE9 		stmfd	sp!, {fp, ip, lr, pc}
 2074 020c 04B04CE2 		sub	fp, ip, #4
 2075              		.cfi_offset 14, -8
 2076              		.cfi_offset 13, -12
 2077              		.cfi_offset 11, -16
 2078              	.LCFI17:
 2079              		.cfi_def_cfa 11, 4
 2080 0210 08D04DE2 		sub	sp, sp, #8
 2081 0214 10000BE5 		str	r0, [fp, #-16]
  90:../leds.c     **** 	status = leds_status;
 2082              		.loc 1 90 0
 2083 0218 74309FE5 		ldr	r3, .L30
 2084 021c 10201BE5 		ldr	r2, [fp, #-16]
 2085 0220 002083E5 		str	r2, [r3, #0]
  91:../leds.c     **** 	
  92:../leds.c     **** 	// LED 1
  93:../leds.c     **** 	if( status & LED1 ){
 2086              		.loc 1 93 0
 2087 0224 68309FE5 		ldr	r3, .L30
 2088 0228 003093E5 		ldr	r3, [r3, #0]
 2089 022c 013003E2 		and	r3, r3, #1
 2090 0230 FF3003E2 		and	r3, r3, #255
 2091 0234 000053E3 		cmp	r3, #0
 2092 0238 0300000A 		beq	.L26
  94:../leds.c     **** 		//COMPLETAR usando el interfaz del puerto B definido en gpio.h
  95:../leds.c     **** 		//hay que poner a nivel bajo el bit correspondiente al led 1
  96:../leds.c     **** 		portB_write(BIT_LED1,LOW);
 2093              		.loc 1 96 0
 2094 023c 0900A0E3 		mov	r0, #9
 2095 0240 0010A0E3 		mov	r1, #0
 2096 0244 FEFFFFEB 		bl	portB_write
 2097 0248 020000EA 		b	.L27
 2098              	.L26:
  97:../leds.c     **** 
  98:../leds.c     **** 	}
  99:../leds.c     **** 	else{
 100:../leds.c     **** 		//COMPLETAR usando el interfaz del puerto B definido en gpio.h
 101:../leds.c     **** 		//hay que poner a nivel alto el bit correspondiente al led 1
 102:../leds.c     **** 		portB_write(BIT_LED1,HIGH);
 2099              		.loc 1 102 0
 2100 024c 0900A0E3 		mov	r0, #9
 2101 0250 0110A0E3 		mov	r1, #1
 2102 0254 FEFFFFEB 		bl	portB_write
 2103              	.L27:
 103:../leds.c     **** 	}
 104:../leds.c     **** 	// LED 2
 105:../leds.c     **** 	if( status & LED2 ){
 2104              		.loc 1 105 0
 2105 0258 34309FE5 		ldr	r3, .L30
 2106 025c 003093E5 		ldr	r3, [r3, #0]
 2107 0260 023003E2 		and	r3, r3, #2
 2108 0264 000053E3 		cmp	r3, #0
 2109 0268 0300000A 		beq	.L28
 106:../leds.c     **** 		//COMPLETAR usando el interfaz del puerto B definido en gpio.h
 107:../leds.c     **** 		//hay que poner a nivel bajo el bit correspondiente al led 2
 108:../leds.c     **** 		portB_write(BIT_LED2,LOW);
 2110              		.loc 1 108 0
 2111 026c 0A00A0E3 		mov	r0, #10
 2112 0270 0010A0E3 		mov	r1, #0
 2113 0274 FEFFFFEB 		bl	portB_write
 2114 0278 020000EA 		b	.L25
 2115              	.L28:
 109:../leds.c     **** 	}
 110:../leds.c     **** 	else{
 111:../leds.c     **** 		//COMPLETAR usando el interfaz del puerto B definido en gpio.h
 112:../leds.c     **** 		//hay que poner a nivel alto el bit correspondiente al led 2
 113:../leds.c     **** 		portB_write(BIT_LED2,HIGH);
 2116              		.loc 1 113 0
 2117 027c 0A00A0E3 		mov	r0, #10
 2118 0280 0110A0E3 		mov	r1, #1
 2119 0284 FEFFFFEB 		bl	portB_write
 2120              	.L25:
 114:../leds.c     **** 	}
 115:../leds.c     **** 
 116:../leds.c     **** }
 2121              		.loc 1 116 0
 2122 0288 0CD04BE2 		sub	sp, fp, #12
 2123 028c 00689DE8 		ldmfd	sp, {fp, sp, lr}
 2124 0290 1EFF2FE1 		bx	lr
 2125              	.L31:
 2126              		.align	2
 2127              	.L30:
 2128 0294 00000000 		.word	status
 2129              		.cfi_endproc
 2130              	.LFE8:
 2132              	.Letext0:
DEFINED SYMBOLS
                            *ABS*:00000000 leds.c
C:\Users\USUARI~1\AppData\Local\Temp\cc9XpMDO.s:1718   .bss:00000000 $d
C:\Users\USUARI~1\AppData\Local\Temp\cc9XpMDO.s:1719   .bss:00000000 status
C:\Users\USUARI~1\AppData\Local\Temp\cc9XpMDO.s:1722   .text:00000000 $a
C:\Users\USUARI~1\AppData\Local\Temp\cc9XpMDO.s:1725   .text:00000000 leds_init
C:\Users\USUARI~1\AppData\Local\Temp\cc9XpMDO.s:2063   .text:00000204 leds_display
C:\Users\USUARI~1\AppData\Local\Temp\cc9XpMDO.s:1762   .text:00000040 $d
C:\Users\USUARI~1\AppData\Local\Temp\cc9XpMDO.s:1766   .text:00000044 $a
C:\Users\USUARI~1\AppData\Local\Temp\cc9XpMDO.s:1769   .text:00000044 led1_on
C:\Users\USUARI~1\AppData\Local\Temp\cc9XpMDO.s:1804   .text:00000080 $d
C:\Users\USUARI~1\AppData\Local\Temp\cc9XpMDO.s:1808   .text:00000084 $a
C:\Users\USUARI~1\AppData\Local\Temp\cc9XpMDO.s:1811   .text:00000084 led1_off
C:\Users\USUARI~1\AppData\Local\Temp\cc9XpMDO.s:1846   .text:000000c0 $d
C:\Users\USUARI~1\AppData\Local\Temp\cc9XpMDO.s:1850   .text:000000c4 $a
C:\Users\USUARI~1\AppData\Local\Temp\cc9XpMDO.s:1853   .text:000000c4 led2_on
C:\Users\USUARI~1\AppData\Local\Temp\cc9XpMDO.s:1888   .text:00000100 $d
C:\Users\USUARI~1\AppData\Local\Temp\cc9XpMDO.s:1892   .text:00000104 $a
C:\Users\USUARI~1\AppData\Local\Temp\cc9XpMDO.s:1895   .text:00000104 led2_off
C:\Users\USUARI~1\AppData\Local\Temp\cc9XpMDO.s:1930   .text:00000140 $d
C:\Users\USUARI~1\AppData\Local\Temp\cc9XpMDO.s:1934   .text:00000144 $a
C:\Users\USUARI~1\AppData\Local\Temp\cc9XpMDO.s:1937   .text:00000144 led1_switch
C:\Users\USUARI~1\AppData\Local\Temp\cc9XpMDO.s:1972   .text:00000180 $d
C:\Users\USUARI~1\AppData\Local\Temp\cc9XpMDO.s:1976   .text:00000184 $a
C:\Users\USUARI~1\AppData\Local\Temp\cc9XpMDO.s:1979   .text:00000184 led2_switch
C:\Users\USUARI~1\AppData\Local\Temp\cc9XpMDO.s:2014   .text:000001c0 $d
C:\Users\USUARI~1\AppData\Local\Temp\cc9XpMDO.s:2018   .text:000001c4 $a
C:\Users\USUARI~1\AppData\Local\Temp\cc9XpMDO.s:2021   .text:000001c4 leds_switch
C:\Users\USUARI~1\AppData\Local\Temp\cc9XpMDO.s:2056   .text:00000200 $d
C:\Users\USUARI~1\AppData\Local\Temp\cc9XpMDO.s:2060   .text:00000204 $a
C:\Users\USUARI~1\AppData\Local\Temp\cc9XpMDO.s:2128   .text:00000294 $d
                     .debug_frame:00000010 $d

UNDEFINED SYMBOLS
portB_conf
portB_write
