   1              		.cpu arm7tdmi
   2              		.fpu softvfp
   3              		.eabi_attribute 20, 1
   4              		.eabi_attribute 21, 1
   5              		.eabi_attribute 23, 3
   6              		.eabi_attribute 24, 1
   7              		.eabi_attribute 25, 1
   8              		.eabi_attribute 26, 1
   9              		.eabi_attribute 30, 6
  10              		.eabi_attribute 18, 4
  11              		.file	"leds.c"
  21              	.Ltext0:
  22              		.file 1 "../leds.c"
 1902              		.align	2
 1903              	status:
 1904 0000 00000000 		.space	4
 1905              		.text
 1906              		.align	2
 1907              		.global	leds_init
 1909              	leds_init:
 1910              	.LFB0:
   1:../leds.c     **** /*-------------------------------------------------------------------
   2:../leds.c     **** **
   3:../leds.c     **** **  Fichero:
   4:../leds.c     **** 
   5:../leds.c     **** **    leds.c
   6:../leds.c     **** **
   7:../leds.c     **** **    Estructura de Computadores
   8:../leds.c     **** **    Dpto. de Arquitectura de Computadores y Automática
   9:../leds.c     **** **    Facultad de Informática. Universidad Complutense de Madrid
  10:../leds.c     **** **
  11:../leds.c     **** **  Propósito:
  12:../leds.c     **** **    Contiene las implementaciones de las funciones
  13:../leds.c     **** **    para el acceso a los leds de la placa de prototipado
  14:../leds.c     **** **
  15:../leds.c     **** **  Notas de diseño:
  16:../leds.c     **** **    Equivale al fichero homónimo usado en Fundamentos de Computadores
  17:../leds.c     **** **
  18:../leds.c     **** **-----------------------------------------------------------------*/
  19:../leds.c     **** 
  20:../leds.c     **** #include "44b.h"
  21:../leds.c     **** #include "44blib.h"
  22:../leds.c     **** #include "leds.h"
  23:../leds.c     **** #include "gpio.h"
  24:../leds.c     **** 
  25:../leds.c     **** // Máscaras de bits
  26:../leds.c     **** #define LED1 0x01
  27:../leds.c     **** #define LED2 0x02
  28:../leds.c     **** #define BIT_LED1 9
  29:../leds.c     **** #define BIT_LED2 10
  30:../leds.c     **** 
  31:../leds.c     **** // status representa el estado de los leds
  32:../leds.c     **** // solo tienen sentido los dos bites menos
  33:../leds.c     **** // significativos, cada uno para un led
  34:../leds.c     **** // 1 encendido y 0 apagado
  35:../leds.c     **** static unsigned int status = 0;
  36:../leds.c     **** 
  37:../leds.c     **** void leds_init( void )
  38:../leds.c     **** {
 1911              		.loc 1 38 0
 1912              		.cfi_startproc
 1913              		@ Function supports interworking.
 1914              		@ args = 0, pretend = 0, frame = 0
 1915              		@ frame_needed = 1, uses_anonymous_args = 0
 1916 0000 0DC0A0E1 		mov	ip, sp
 1917              	.LCFI0:
 1918              		.cfi_def_cfa_register 12
 1919 0004 00D82DE9 		stmfd	sp!, {fp, ip, lr, pc}
 1920 0008 04B04CE2 		sub	fp, ip, #4
 1921              		.cfi_offset 14, -8
 1922              		.cfi_offset 13, -12
 1923              		.cfi_offset 11, -16
 1924              	.LCFI1:
 1925              		.cfi_def_cfa 11, 4
  39:../leds.c     **** 	//COMPLETAR usando el interfaz del puerto B definido en gpio.h
  40:../leds.c     **** 	//hay que configurar los pines 9 y 10 como pines de salida
  41:../leds.c     **** 
  42:../leds.c     **** 
  43:../leds.c     **** 	portB_conf(BIT_LED1,OUTPUT);
 1926              		.loc 1 43 0
 1927 000c 0900A0E3 		mov	r0, #9
 1928 0010 0110A0E3 		mov	r1, #1
 1929 0014 FEFFFFEB 		bl	portB_conf
  44:../leds.c     **** 	portB_conf(BIT_LED2,OUTPUT);
 1930              		.loc 1 44 0
 1931 0018 0A00A0E3 		mov	r0, #10
 1932 001c 0110A0E3 		mov	r1, #1
 1933 0020 FEFFFFEB 		bl	portB_conf
  45:../leds.c     **** 	leds_display( status );
 1934              		.loc 1 45 0
 1935 0024 14309FE5 		ldr	r3, .L2
 1936 0028 003093E5 		ldr	r3, [r3, #0]
 1937 002c 0300A0E1 		mov	r0, r3
 1938 0030 FEFFFFEB 		bl	leds_display
  46:../leds.c     **** }
 1939              		.loc 1 46 0
 1940 0034 0CD04BE2 		sub	sp, fp, #12
 1941 0038 00689DE8 		ldmfd	sp, {fp, sp, lr}
 1942 003c 1EFF2FE1 		bx	lr
 1943              	.L3:
 1944              		.align	2
 1945              	.L2:
 1946 0040 00000000 		.word	status
 1947              		.cfi_endproc
 1948              	.LFE0:
 1950              		.align	2
 1951              		.global	led1_on
 1953              	led1_on:
 1954              	.LFB1:
  47:../leds.c     **** 
  48:../leds.c     **** void led1_on( void )
  49:../leds.c     **** {
 1955              		.loc 1 49 0
 1956              		.cfi_startproc
 1957              		@ Function supports interworking.
 1958              		@ args = 0, pretend = 0, frame = 0
 1959              		@ frame_needed = 1, uses_anonymous_args = 0
 1960 0044 0DC0A0E1 		mov	ip, sp
 1961              	.LCFI2:
 1962              		.cfi_def_cfa_register 12
 1963 0048 00D82DE9 		stmfd	sp!, {fp, ip, lr, pc}
 1964 004c 04B04CE2 		sub	fp, ip, #4
 1965              		.cfi_offset 14, -8
 1966              		.cfi_offset 13, -12
 1967              		.cfi_offset 11, -16
 1968              	.LCFI3:
 1969              		.cfi_def_cfa 11, 4
  50:../leds.c     **** 	status |=  LED1;
 1970              		.loc 1 50 0
 1971 0050 28309FE5 		ldr	r3, .L5
 1972 0054 003093E5 		ldr	r3, [r3, #0]
 1973 0058 012083E3 		orr	r2, r3, #1
 1974 005c 1C309FE5 		ldr	r3, .L5
 1975 0060 002083E5 		str	r2, [r3, #0]
  51:../leds.c     **** 	leds_display( status );
 1976              		.loc 1 51 0
 1977 0064 14309FE5 		ldr	r3, .L5
 1978 0068 003093E5 		ldr	r3, [r3, #0]
 1979 006c 0300A0E1 		mov	r0, r3
 1980 0070 FEFFFFEB 		bl	leds_display
  52:../leds.c     **** }
 1981              		.loc 1 52 0
 1982 0074 0CD04BE2 		sub	sp, fp, #12
 1983 0078 00689DE8 		ldmfd	sp, {fp, sp, lr}
 1984 007c 1EFF2FE1 		bx	lr
 1985              	.L6:
 1986              		.align	2
 1987              	.L5:
 1988 0080 00000000 		.word	status
 1989              		.cfi_endproc
 1990              	.LFE1:
 1992              		.align	2
 1993              		.global	led1_off
 1995              	led1_off:
 1996              	.LFB2:
  53:../leds.c     **** 
  54:../leds.c     **** void led1_off( void )
  55:../leds.c     **** {
 1997              		.loc 1 55 0
 1998              		.cfi_startproc
 1999              		@ Function supports interworking.
 2000              		@ args = 0, pretend = 0, frame = 0
 2001              		@ frame_needed = 1, uses_anonymous_args = 0
 2002 0084 0DC0A0E1 		mov	ip, sp
 2003              	.LCFI4:
 2004              		.cfi_def_cfa_register 12
 2005 0088 00D82DE9 		stmfd	sp!, {fp, ip, lr, pc}
 2006 008c 04B04CE2 		sub	fp, ip, #4
 2007              		.cfi_offset 14, -8
 2008              		.cfi_offset 13, -12
 2009              		.cfi_offset 11, -16
 2010              	.LCFI5:
 2011              		.cfi_def_cfa 11, 4
  56:../leds.c     **** 	status &=  ~LED1;
 2012              		.loc 1 56 0
 2013 0090 28309FE5 		ldr	r3, .L8
 2014 0094 003093E5 		ldr	r3, [r3, #0]
 2015 0098 0120C3E3 		bic	r2, r3, #1
 2016 009c 1C309FE5 		ldr	r3, .L8
 2017 00a0 002083E5 		str	r2, [r3, #0]
  57:../leds.c     **** 	leds_display( status );
 2018              		.loc 1 57 0
 2019 00a4 14309FE5 		ldr	r3, .L8
 2020 00a8 003093E5 		ldr	r3, [r3, #0]
 2021 00ac 0300A0E1 		mov	r0, r3
 2022 00b0 FEFFFFEB 		bl	leds_display
  58:../leds.c     **** }
 2023              		.loc 1 58 0
 2024 00b4 0CD04BE2 		sub	sp, fp, #12
 2025 00b8 00689DE8 		ldmfd	sp, {fp, sp, lr}
 2026 00bc 1EFF2FE1 		bx	lr
 2027              	.L9:
 2028              		.align	2
 2029              	.L8:
 2030 00c0 00000000 		.word	status
 2031              		.cfi_endproc
 2032              	.LFE2:
 2034              		.align	2
 2035              		.global	led2_on
 2037              	led2_on:
 2038              	.LFB3:
  59:../leds.c     **** 
  60:../leds.c     **** void led2_on( void )
  61:../leds.c     **** {
 2039              		.loc 1 61 0
 2040              		.cfi_startproc
 2041              		@ Function supports interworking.
 2042              		@ args = 0, pretend = 0, frame = 0
 2043              		@ frame_needed = 1, uses_anonymous_args = 0
 2044 00c4 0DC0A0E1 		mov	ip, sp
 2045              	.LCFI6:
 2046              		.cfi_def_cfa_register 12
 2047 00c8 00D82DE9 		stmfd	sp!, {fp, ip, lr, pc}
 2048 00cc 04B04CE2 		sub	fp, ip, #4
 2049              		.cfi_offset 14, -8
 2050              		.cfi_offset 13, -12
 2051              		.cfi_offset 11, -16
 2052              	.LCFI7:
 2053              		.cfi_def_cfa 11, 4
  62:../leds.c     **** 	status |=  LED2;
 2054              		.loc 1 62 0
 2055 00d0 28309FE5 		ldr	r3, .L11
 2056 00d4 003093E5 		ldr	r3, [r3, #0]
 2057 00d8 022083E3 		orr	r2, r3, #2
 2058 00dc 1C309FE5 		ldr	r3, .L11
 2059 00e0 002083E5 		str	r2, [r3, #0]
  63:../leds.c     **** 	leds_display( status );
 2060              		.loc 1 63 0
 2061 00e4 14309FE5 		ldr	r3, .L11
 2062 00e8 003093E5 		ldr	r3, [r3, #0]
 2063 00ec 0300A0E1 		mov	r0, r3
 2064 00f0 FEFFFFEB 		bl	leds_display
  64:../leds.c     **** }
 2065              		.loc 1 64 0
 2066 00f4 0CD04BE2 		sub	sp, fp, #12
 2067 00f8 00689DE8 		ldmfd	sp, {fp, sp, lr}
 2068 00fc 1EFF2FE1 		bx	lr
 2069              	.L12:
 2070              		.align	2
 2071              	.L11:
 2072 0100 00000000 		.word	status
 2073              		.cfi_endproc
 2074              	.LFE3:
 2076              		.align	2
 2077              		.global	led2_off
 2079              	led2_off:
 2080              	.LFB4:
  65:../leds.c     **** 
  66:../leds.c     **** void led2_off( void )
  67:../leds.c     **** {
 2081              		.loc 1 67 0
 2082              		.cfi_startproc
 2083              		@ Function supports interworking.
 2084              		@ args = 0, pretend = 0, frame = 0
 2085              		@ frame_needed = 1, uses_anonymous_args = 0
 2086 0104 0DC0A0E1 		mov	ip, sp
 2087              	.LCFI8:
 2088              		.cfi_def_cfa_register 12
 2089 0108 00D82DE9 		stmfd	sp!, {fp, ip, lr, pc}
 2090 010c 04B04CE2 		sub	fp, ip, #4
 2091              		.cfi_offset 14, -8
 2092              		.cfi_offset 13, -12
 2093              		.cfi_offset 11, -16
 2094              	.LCFI9:
 2095              		.cfi_def_cfa 11, 4
  68:../leds.c     **** 	status &=  ~LED2;
 2096              		.loc 1 68 0
 2097 0110 28309FE5 		ldr	r3, .L14
 2098 0114 003093E5 		ldr	r3, [r3, #0]
 2099 0118 0220C3E3 		bic	r2, r3, #2
 2100 011c 1C309FE5 		ldr	r3, .L14
 2101 0120 002083E5 		str	r2, [r3, #0]
  69:../leds.c     **** 	leds_display( status );
 2102              		.loc 1 69 0
 2103 0124 14309FE5 		ldr	r3, .L14
 2104 0128 003093E5 		ldr	r3, [r3, #0]
 2105 012c 0300A0E1 		mov	r0, r3
 2106 0130 FEFFFFEB 		bl	leds_display
  70:../leds.c     **** }
 2107              		.loc 1 70 0
 2108 0134 0CD04BE2 		sub	sp, fp, #12
 2109 0138 00689DE8 		ldmfd	sp, {fp, sp, lr}
 2110 013c 1EFF2FE1 		bx	lr
 2111              	.L15:
 2112              		.align	2
 2113              	.L14:
 2114 0140 00000000 		.word	status
 2115              		.cfi_endproc
 2116              	.LFE4:
 2118              		.align	2
 2119              		.global	led1_switch
 2121              	led1_switch:
 2122              	.LFB5:
  71:../leds.c     **** 
  72:../leds.c     **** void led1_switch( void )
  73:../leds.c     **** {
 2123              		.loc 1 73 0
 2124              		.cfi_startproc
 2125              		@ Function supports interworking.
 2126              		@ args = 0, pretend = 0, frame = 0
 2127              		@ frame_needed = 1, uses_anonymous_args = 0
 2128 0144 0DC0A0E1 		mov	ip, sp
 2129              	.LCFI10:
 2130              		.cfi_def_cfa_register 12
 2131 0148 00D82DE9 		stmfd	sp!, {fp, ip, lr, pc}
 2132 014c 04B04CE2 		sub	fp, ip, #4
 2133              		.cfi_offset 14, -8
 2134              		.cfi_offset 13, -12
 2135              		.cfi_offset 11, -16
 2136              	.LCFI11:
 2137              		.cfi_def_cfa 11, 4
  74:../leds.c     **** 	status ^= LED1;
 2138              		.loc 1 74 0
 2139 0150 28309FE5 		ldr	r3, .L17
 2140 0154 003093E5 		ldr	r3, [r3, #0]
 2141 0158 012023E2 		eor	r2, r3, #1
 2142 015c 1C309FE5 		ldr	r3, .L17
 2143 0160 002083E5 		str	r2, [r3, #0]
  75:../leds.c     **** 	leds_display( status );
 2144              		.loc 1 75 0
 2145 0164 14309FE5 		ldr	r3, .L17
 2146 0168 003093E5 		ldr	r3, [r3, #0]
 2147 016c 0300A0E1 		mov	r0, r3
 2148 0170 FEFFFFEB 		bl	leds_display
  76:../leds.c     **** }
 2149              		.loc 1 76 0
 2150 0174 0CD04BE2 		sub	sp, fp, #12
 2151 0178 00689DE8 		ldmfd	sp, {fp, sp, lr}
 2152 017c 1EFF2FE1 		bx	lr
 2153              	.L18:
 2154              		.align	2
 2155              	.L17:
 2156 0180 00000000 		.word	status
 2157              		.cfi_endproc
 2158              	.LFE5:
 2160              		.align	2
 2161              		.global	led2_switch
 2163              	led2_switch:
 2164              	.LFB6:
  77:../leds.c     **** 
  78:../leds.c     **** void led2_switch( void )
  79:../leds.c     **** {
 2165              		.loc 1 79 0
 2166              		.cfi_startproc
 2167              		@ Function supports interworking.
 2168              		@ args = 0, pretend = 0, frame = 0
 2169              		@ frame_needed = 1, uses_anonymous_args = 0
 2170 0184 0DC0A0E1 		mov	ip, sp
 2171              	.LCFI12:
 2172              		.cfi_def_cfa_register 12
 2173 0188 00D82DE9 		stmfd	sp!, {fp, ip, lr, pc}
 2174 018c 04B04CE2 		sub	fp, ip, #4
 2175              		.cfi_offset 14, -8
 2176              		.cfi_offset 13, -12
 2177              		.cfi_offset 11, -16
 2178              	.LCFI13:
 2179              		.cfi_def_cfa 11, 4
  80:../leds.c     **** 	status ^= LED2;
 2180              		.loc 1 80 0
 2181 0190 28309FE5 		ldr	r3, .L20
 2182 0194 003093E5 		ldr	r3, [r3, #0]
 2183 0198 022023E2 		eor	r2, r3, #2
 2184 019c 1C309FE5 		ldr	r3, .L20
 2185 01a0 002083E5 		str	r2, [r3, #0]
  81:../leds.c     **** 	leds_display( status );
 2186              		.loc 1 81 0
 2187 01a4 14309FE5 		ldr	r3, .L20
 2188 01a8 003093E5 		ldr	r3, [r3, #0]
 2189 01ac 0300A0E1 		mov	r0, r3
 2190 01b0 FEFFFFEB 		bl	leds_display
  82:../leds.c     **** }
 2191              		.loc 1 82 0
 2192 01b4 0CD04BE2 		sub	sp, fp, #12
 2193 01b8 00689DE8 		ldmfd	sp, {fp, sp, lr}
 2194 01bc 1EFF2FE1 		bx	lr
 2195              	.L21:
 2196              		.align	2
 2197              	.L20:
 2198 01c0 00000000 		.word	status
 2199              		.cfi_endproc
 2200              	.LFE6:
 2202              		.align	2
 2203              		.global	leds_switch
 2205              	leds_switch:
 2206              	.LFB7:
  83:../leds.c     **** 
  84:../leds.c     **** void leds_switch( void ){
 2207              		.loc 1 84 0
 2208              		.cfi_startproc
 2209              		@ Function supports interworking.
 2210              		@ args = 0, pretend = 0, frame = 0
 2211              		@ frame_needed = 1, uses_anonymous_args = 0
 2212 01c4 0DC0A0E1 		mov	ip, sp
 2213              	.LCFI14:
 2214              		.cfi_def_cfa_register 12
 2215 01c8 00D82DE9 		stmfd	sp!, {fp, ip, lr, pc}
 2216 01cc 04B04CE2 		sub	fp, ip, #4
 2217              		.cfi_offset 14, -8
 2218              		.cfi_offset 13, -12
 2219              		.cfi_offset 11, -16
 2220              	.LCFI15:
 2221              		.cfi_def_cfa 11, 4
  85:../leds.c     **** 	status ^= (LED1 | LED2);
 2222              		.loc 1 85 0
 2223 01d0 28309FE5 		ldr	r3, .L23
 2224 01d4 003093E5 		ldr	r3, [r3, #0]
 2225 01d8 032023E2 		eor	r2, r3, #3
 2226 01dc 1C309FE5 		ldr	r3, .L23
 2227 01e0 002083E5 		str	r2, [r3, #0]
  86:../leds.c     **** 	leds_display( status );
 2228              		.loc 1 86 0
 2229 01e4 14309FE5 		ldr	r3, .L23
 2230 01e8 003093E5 		ldr	r3, [r3, #0]
 2231 01ec 0300A0E1 		mov	r0, r3
 2232 01f0 FEFFFFEB 		bl	leds_display
  87:../leds.c     **** }
 2233              		.loc 1 87 0
 2234 01f4 0CD04BE2 		sub	sp, fp, #12
 2235 01f8 00689DE8 		ldmfd	sp, {fp, sp, lr}
 2236 01fc 1EFF2FE1 		bx	lr
 2237              	.L24:
 2238              		.align	2
 2239              	.L23:
 2240 0200 00000000 		.word	status
 2241              		.cfi_endproc
 2242              	.LFE7:
 2244              		.align	2
 2245              		.global	leds_display
 2247              	leds_display:
 2248              	.LFB8:
  88:../leds.c     **** 
  89:../leds.c     **** void leds_display( unsigned int leds_status )
  90:../leds.c     **** {
 2249              		.loc 1 90 0
 2250              		.cfi_startproc
 2251              		@ Function supports interworking.
 2252              		@ args = 0, pretend = 0, frame = 8
 2253              		@ frame_needed = 1, uses_anonymous_args = 0
 2254 0204 0DC0A0E1 		mov	ip, sp
 2255              	.LCFI16:
 2256              		.cfi_def_cfa_register 12
 2257 0208 00D82DE9 		stmfd	sp!, {fp, ip, lr, pc}
 2258 020c 04B04CE2 		sub	fp, ip, #4
 2259              		.cfi_offset 14, -8
 2260              		.cfi_offset 13, -12
 2261              		.cfi_offset 11, -16
 2262              	.LCFI17:
 2263              		.cfi_def_cfa 11, 4
 2264 0210 08D04DE2 		sub	sp, sp, #8
 2265 0214 10000BE5 		str	r0, [fp, #-16]
  91:../leds.c     **** 	status = leds_status;
 2266              		.loc 1 91 0
 2267 0218 74309FE5 		ldr	r3, .L30
 2268 021c 10201BE5 		ldr	r2, [fp, #-16]
 2269 0220 002083E5 		str	r2, [r3, #0]
  92:../leds.c     **** 	
  93:../leds.c     **** 	// LED 1
  94:../leds.c     **** 	if( status & LED1 ){
 2270              		.loc 1 94 0
 2271 0224 68309FE5 		ldr	r3, .L30
 2272 0228 003093E5 		ldr	r3, [r3, #0]
 2273 022c 013003E2 		and	r3, r3, #1
 2274 0230 FF3003E2 		and	r3, r3, #255
 2275 0234 000053E3 		cmp	r3, #0
 2276 0238 0300000A 		beq	.L26
  95:../leds.c     **** 		//COMPLETAR usando el interfaz del puerto B definido en gpio.h
  96:../leds.c     **** 		//hay que poner a nivel bajo el bit correspondiente al led 1
  97:../leds.c     **** 		portB_write(BIT_LED1,LOW);
 2277              		.loc 1 97 0
 2278 023c 0900A0E3 		mov	r0, #9
 2279 0240 0010A0E3 		mov	r1, #0
 2280 0244 FEFFFFEB 		bl	portB_write
 2281 0248 020000EA 		b	.L27
 2282              	.L26:
  98:../leds.c     **** 
  99:../leds.c     **** 	}
 100:../leds.c     **** 	else{
 101:../leds.c     **** 		//COMPLETAR usando el interfaz del puerto B definido en gpio.h
 102:../leds.c     **** 		//hay que poner a nivel alto el bit correspondiente al led 1
 103:../leds.c     **** 		portB_write(BIT_LED1,HIGH);
 2283              		.loc 1 103 0
 2284 024c 0900A0E3 		mov	r0, #9
 2285 0250 0110A0E3 		mov	r1, #1
 2286 0254 FEFFFFEB 		bl	portB_write
 2287              	.L27:
 104:../leds.c     **** 	}
 105:../leds.c     **** 	// LED 2
 106:../leds.c     **** 	if( status & LED2 ){
 2288              		.loc 1 106 0
 2289 0258 34309FE5 		ldr	r3, .L30
 2290 025c 003093E5 		ldr	r3, [r3, #0]
 2291 0260 023003E2 		and	r3, r3, #2
 2292 0264 000053E3 		cmp	r3, #0
 2293 0268 0300000A 		beq	.L28
 107:../leds.c     **** 		//COMPLETAR usando el interfaz del puerto B definido en gpio.h
 108:../leds.c     **** 		//hay que poner a nivel bajo el bit correspondiente al led 2
 109:../leds.c     **** 		portB_write(BIT_LED2,LOW);
 2294              		.loc 1 109 0
 2295 026c 0A00A0E3 		mov	r0, #10
 2296 0270 0010A0E3 		mov	r1, #0
 2297 0274 FEFFFFEB 		bl	portB_write
 2298 0278 020000EA 		b	.L25
 2299              	.L28:
 110:../leds.c     **** 	}
 111:../leds.c     **** 	else{
 112:../leds.c     **** 		//COMPLETAR usando el interfaz del puerto B definido en gpio.h
 113:../leds.c     **** 		//hay que poner a nivel alto el bit correspondiente al led 2
 114:../leds.c     **** 		portB_write(BIT_LED2,HIGH);
 2300              		.loc 1 114 0
 2301 027c 0A00A0E3 		mov	r0, #10
 2302 0280 0110A0E3 		mov	r1, #1
 2303 0284 FEFFFFEB 		bl	portB_write
 2304              	.L25:
 115:../leds.c     **** 	}
 116:../leds.c     **** 
 117:../leds.c     **** }
 2305              		.loc 1 117 0
 2306 0288 0CD04BE2 		sub	sp, fp, #12
 2307 028c 00689DE8 		ldmfd	sp, {fp, sp, lr}
 2308 0290 1EFF2FE1 		bx	lr
 2309              	.L31:
 2310              		.align	2
 2311              	.L30:
 2312 0294 00000000 		.word	status
 2313              		.cfi_endproc
 2314              	.LFE8:
 2316              	.Letext0:
DEFINED SYMBOLS
                            *ABS*:00000000 leds.c
C:\Users\USUARI~1\AppData\Local\Temp\ccsce6Ad.s:1902   .bss:00000000 $d
C:\Users\USUARI~1\AppData\Local\Temp\ccsce6Ad.s:1903   .bss:00000000 status
C:\Users\USUARI~1\AppData\Local\Temp\ccsce6Ad.s:1906   .text:00000000 $a
C:\Users\USUARI~1\AppData\Local\Temp\ccsce6Ad.s:1909   .text:00000000 leds_init
C:\Users\USUARI~1\AppData\Local\Temp\ccsce6Ad.s:2247   .text:00000204 leds_display
C:\Users\USUARI~1\AppData\Local\Temp\ccsce6Ad.s:1946   .text:00000040 $d
C:\Users\USUARI~1\AppData\Local\Temp\ccsce6Ad.s:1950   .text:00000044 $a
C:\Users\USUARI~1\AppData\Local\Temp\ccsce6Ad.s:1953   .text:00000044 led1_on
C:\Users\USUARI~1\AppData\Local\Temp\ccsce6Ad.s:1988   .text:00000080 $d
C:\Users\USUARI~1\AppData\Local\Temp\ccsce6Ad.s:1992   .text:00000084 $a
C:\Users\USUARI~1\AppData\Local\Temp\ccsce6Ad.s:1995   .text:00000084 led1_off
C:\Users\USUARI~1\AppData\Local\Temp\ccsce6Ad.s:2030   .text:000000c0 $d
C:\Users\USUARI~1\AppData\Local\Temp\ccsce6Ad.s:2034   .text:000000c4 $a
C:\Users\USUARI~1\AppData\Local\Temp\ccsce6Ad.s:2037   .text:000000c4 led2_on
C:\Users\USUARI~1\AppData\Local\Temp\ccsce6Ad.s:2072   .text:00000100 $d
C:\Users\USUARI~1\AppData\Local\Temp\ccsce6Ad.s:2076   .text:00000104 $a
C:\Users\USUARI~1\AppData\Local\Temp\ccsce6Ad.s:2079   .text:00000104 led2_off
C:\Users\USUARI~1\AppData\Local\Temp\ccsce6Ad.s:2114   .text:00000140 $d
C:\Users\USUARI~1\AppData\Local\Temp\ccsce6Ad.s:2118   .text:00000144 $a
C:\Users\USUARI~1\AppData\Local\Temp\ccsce6Ad.s:2121   .text:00000144 led1_switch
C:\Users\USUARI~1\AppData\Local\Temp\ccsce6Ad.s:2156   .text:00000180 $d
C:\Users\USUARI~1\AppData\Local\Temp\ccsce6Ad.s:2160   .text:00000184 $a
C:\Users\USUARI~1\AppData\Local\Temp\ccsce6Ad.s:2163   .text:00000184 led2_switch
C:\Users\USUARI~1\AppData\Local\Temp\ccsce6Ad.s:2198   .text:000001c0 $d
C:\Users\USUARI~1\AppData\Local\Temp\ccsce6Ad.s:2202   .text:000001c4 $a
C:\Users\USUARI~1\AppData\Local\Temp\ccsce6Ad.s:2205   .text:000001c4 leds_switch
C:\Users\USUARI~1\AppData\Local\Temp\ccsce6Ad.s:2240   .text:00000200 $d
C:\Users\USUARI~1\AppData\Local\Temp\ccsce6Ad.s:2244   .text:00000204 $a
C:\Users\USUARI~1\AppData\Local\Temp\ccsce6Ad.s:2312   .text:00000294 $d
                     .debug_frame:00000010 $d

UNDEFINED SYMBOLS
portB_conf
portB_write
